// Jest Snapshot v1, https://goo.gl/fbAQLP

exports[`Test GifGridItem Test 1`] = `
<div
  className="card animate__animated animate__fadeIn"
>
  <img
    alt="titulo"
    src="https://www.test.test"
  />
  <p>
    titulo
  </p>
</div>
`;
